// Jest Snapshot v1, https://goo.gl/fbAQLP

exports[`SumbitButton Component Snapshot 1`] = `
<button
  type="submit"
>
  Login
</button>
`;
