// Jest Snapshot v1, https://goo.gl/fbAQLP

exports[`Button Component Snapshot 1`] = `
<button
  onClick={[MockFunction]}
>
  Add
</button>
`;
